mysql> select * from tblHV_Telescope0_DefaultVoltage where db_end_time=NULL;
Empty set (0.27 sec)

mysql> select * from tblHV_Telescope0_DefaultVoltage where channel=10;
+---------------------+---------------------+---------+---------+
| db_start_time       | db_end_time         | channel | voltage |
+---------------------+---------------------+---------+---------+
| 2008-01-15 15:11:40 | 2008-03-26 01:53:08 |      10 |    1002 |
| 2008-03-26 01:53:08 | 2008-03-26 03:49:28 |      10 |     999 |
| 2008-03-26 03:49:28 | 2008-03-27 02:57:42 |      10 |    1002 |
| 2008-03-27 02:57:42 | 2008-03-27 03:05:33 |      10 |     999 |
| 2008-03-27 03:05:33 | 2008-03-28 03:03:59 |      10 |    1002 |
| 2008-03-28 03:03:59 | 2008-09-18 03:24:22 |      10 |    1001 |
| 2008-09-18 03:24:22 | 2008-09-21 02:40:13 |      10 |    1009 |
| 2008-09-21 02:40:13 | 2008-09-22 02:31:51 |      10 |     980 |
| 2008-09-22 02:31:51 | 2008-09-23 02:35:15 |      10 |    1009 |
| 2008-09-23 02:35:15 | 2008-10-01 02:32:58 |      10 |    1006 |
| 2008-10-01 02:32:58 | 2009-09-15 09:20:18 |      10 |    1012 |
| 2009-09-15 09:20:18 | 2009-09-16 09:56:09 |      10 |     855 |
| 2009-09-16 09:56:09 | 2009-09-18 01:49:49 |      10 |     798 |
| 2009-09-18 01:49:49 | 2009-09-18 03:49:07 |      10 |     753 |
| 2009-09-18 03:49:07 | 2009-09-18 04:20:54 |      10 |     756 |
| 2009-09-18 04:20:54 | 2010-02-10 06:32:52 |      10 |     785 |
| 2010-02-10 06:32:52 | 2010-04-01 23:35:20 |      10 |     769 |
| 2010-04-01 23:35:20 | 2010-09-16 08:56:14 |      10 |     776 |
| 2010-09-16 08:56:14 | 2010-09-16 11:28:02 |      10 |     779 |
| 2010-09-16 11:28:02 | 2010-09-17 09:46:08 |      10 |     778 |
| 2010-09-17 09:46:08 | 2010-09-18 10:26:31 |      10 |     781 |
| 2010-09-18 10:26:31 | 2010-09-19 08:51:19 |      10 |     782 |
| 2010-09-19 08:51:19 | 2010-10-10 03:05:22 |      10 |     783 |
| 2010-10-10 03:05:22 | 2010-11-01 01:38:16 |      10 |     796 |
| 2010-11-01 01:38:16 | 2010-11-07 01:44:07 |      10 |     785 |
| 2010-11-07 01:44:07 | 2010-11-10 00:57:34 |      10 |     789 |
| 2010-11-10 00:57:34 | 2010-12-11 03:43:20 |      10 |     793 |
| 2010-12-11 03:43:20 | 2011-03-24 03:57:45 |      10 |     792 |
| 2011-03-24 03:57:45 | 2011-03-25 04:58:41 |      10 |     787 |
| 2011-03-25 04:58:41 | 2011-03-26 01:33:43 |      10 |     792 |
| 2011-03-26 01:33:43 | 2011-09-24 00:47:49 |      10 |     795 |
| 2011-09-24 00:47:49 | 2011-09-24 08:16:28 |      10 |     797 |
| 2011-09-24 08:16:28 | 2011-09-27 06:56:17 |      10 |     796 |
| 2011-09-27 06:56:17 | 2011-10-07 06:53:32 |      10 |     794 |
| 2011-10-07 06:53:32 | 2012-02-11 01:13:03 |      10 |     799 |
| 2012-02-11 01:13:03 | 2012-03-01 07:10:07 |      10 |     808 |
| 2012-03-01 07:10:07 | 2012-03-01 07:38:51 |      10 |     641 |
| 2012-03-01 07:38:51 | 2012-03-11 02:39:17 |      10 |     799 |
| 2012-03-11 02:39:17 | 2012-03-11 02:43:05 |      10 |     639 |
| 2012-03-11 02:43:05 | 2012-09-13 10:29:15 |      10 |     808 |
| 2012-09-13 10:29:15 | 2012-09-15 07:32:54 |      10 |     968 |
| 2012-09-15 07:32:54 | 2012-11-14 04:44:54 |      10 |     957 |
| 2012-11-14 04:44:54 | 2013-03-31 08:35:39 |      10 |     963 |
| 2013-03-31 08:35:39 | 2013-04-17 05:10:29 |      10 |     964 |
| 2013-04-17 05:10:29 | 2013-04-17 07:38:47 |      10 |     782 |
| 2013-04-17 07:38:47 | 2013-09-03 06:49:07 |      10 |     964 |
| 2013-09-03 06:49:07 | 2013-09-11 04:49:25 |      10 |     978 |
| 2013-09-11 04:49:25 | 2014-04-22 02:55:15 |      10 |     970 |
| 2014-04-22 02:55:15 | NULL                |      10 |     977 |
+---------------------+---------------------+---------+---------+
49 rows in set (0.10 sec)

mysql> select * from tblHV_Telescope0_DefaultVoltage where db_end_time==NULL;
ERROR 1064 (42000): You have an error in your SQL syntax; check the manual that corresponds to your MySQL server version for the right syntax to use near '==NULL' at line 1
mysql> select * from tblHV_Telescope0_DefaultVoltage where db_end_time="NULL";
Empty set, 1 warning (0.09 sec)

mysql> select * from tblHV_Telescope0_DefaultVoltage where channel=77;
+---------------------+---------------------+---------+---------+
| db_start_time       | db_end_time         | channel | voltage |
+---------------------+---------------------+---------+---------+
| 2008-01-15 15:11:40 | 2008-02-26 23:03:56 |      77 |     838 |
| 2008-02-26 23:03:56 | 2008-03-26 01:53:10 |      77 |     837 |
| 2008-03-26 01:53:10 | 2008-03-26 03:49:37 |      77 |     813 |
| 2008-03-26 03:49:37 | 2008-03-27 02:57:45 |      77 |     837 |
| 2008-03-27 02:57:45 | 2008-03-27 03:05:36 |      77 |     813 |
| 2008-03-27 03:05:36 | 2008-03-28 03:04:03 |      77 |     837 |
| 2008-03-28 03:04:03 | 2008-09-18 03:24:23 |      77 |     836 |
| 2008-09-18 03:24:23 | 2008-09-21 02:40:14 |      77 |     833 |
| 2008-09-21 02:40:14 | 2008-09-22 02:31:52 |      77 |     823 |
| 2008-09-22 02:31:52 | 2008-10-01 02:32:59 |      77 |     833 |
| 2008-10-01 02:32:59 | 2009-09-15 09:20:19 |      77 |     840 |
| 2009-09-15 09:20:19 | 2009-09-16 09:56:10 |      77 |     912 |
| 2009-09-16 09:56:10 | 2009-09-18 01:49:50 |      77 |     894 |
| 2009-09-18 01:49:50 | 2009-09-18 03:49:09 |      77 |     844 |
| 2009-09-18 03:49:09 | 2009-09-18 04:20:55 |      77 |     846 |
| 2009-09-18 04:20:55 | 2010-02-10 06:32:54 |      77 |     880 |
| 2010-02-10 06:32:54 | 2010-04-01 23:35:22 |      77 |     886 |
| 2010-04-01 23:35:22 | 2010-09-12 08:06:47 |      77 |     892 |
| 2010-09-12 08:06:47 | 2010-09-18 09:10:00 |      77 |     800 |
| 2010-09-18 09:10:00 | 2010-09-18 10:26:33 |      77 |     887 |
| 2010-09-18 10:26:33 | 2010-09-18 11:11:06 |      77 |     894 |
| 2010-09-18 11:11:06 | 2010-09-19 08:51:21 |      77 |     890 |
| 2010-09-19 08:51:21 | 2010-10-10 03:05:24 |      77 |     897 |
| 2010-10-10 03:05:24 | 2010-11-01 01:38:18 |      77 |     911 |
| 2010-11-01 01:38:18 | 2010-11-07 01:44:09 |      77 |     898 |
| 2010-11-07 01:44:09 | 2010-11-10 00:57:36 |      77 |     902 |
| 2010-11-10 00:57:36 | 2010-12-11 03:43:23 |      77 |     907 |
| 2010-12-11 03:43:23 | 2011-03-24 03:57:47 |      77 |     905 |
| 2011-03-24 03:57:47 | 2011-03-25 04:58:43 |      77 |     898 |
| 2011-03-25 04:58:43 | 2011-03-26 01:33:46 |      77 |     905 |
| 2011-03-26 01:33:46 | 2011-09-24 00:47:52 |      77 |     910 |
| 2011-09-24 00:47:52 | 2011-09-24 08:16:31 |      77 |     906 |
| 2011-09-24 08:16:31 | 2011-09-27 06:56:21 |      77 |     911 |
| 2011-09-27 06:56:21 | 2011-09-30 03:10:24 |      77 |     907 |
| 2011-09-30 03:10:24 | 2011-10-25 08:45:59 |      77 |     906 |
| 2011-10-25 08:45:59 | 2012-02-11 01:13:06 |      77 |     960 |
| 2012-02-11 01:13:06 | 2012-03-01 07:10:11 |      77 |     932 |
| 2012-03-01 07:10:11 | 2012-03-01 07:38:55 |      77 |     780 |
| 2012-03-01 07:38:55 | 2012-03-11 02:39:20 |      77 |     960 |
| 2012-03-11 02:39:20 | 2012-03-11 02:43:08 |      77 |     682 |
| 2012-03-11 02:43:08 | 2012-09-13 10:29:18 |      77 |     932 |
| 2012-09-13 10:29:18 | 2012-09-15 07:32:58 |      77 |    1063 |
| 2012-09-15 07:32:58 | 2012-10-21 01:39:09 |      77 |    1057 |
| 2012-10-21 01:39:09 | 2012-11-14 04:44:58 |      77 |    1100 |
| 2012-11-14 04:44:58 | 2013-03-31 08:35:44 |      77 |    1070 |
| 2013-03-31 08:35:44 | 2013-04-17 05:10:32 |      77 |    1119 |
| 2013-04-17 05:10:32 | 2013-04-17 07:38:50 |      77 |    1028 |
| 2013-04-17 07:38:50 | 2013-09-11 04:49:29 |      77 |    1119 |
| 2013-09-11 04:49:29 | 2014-04-22 02:55:20 |      77 |    1080 |
| 2014-04-22 02:55:20 | NULL                |      77 |    1047 |
+---------------------+---------------------+---------+---------+
50 rows in set (0.09 sec)

mysql> select * from tblHV_Telescope1_DefaultVoltage where channel=57;
+---------------------+---------------------+---------+---------+
| db_start_time       | db_end_time         | channel | voltage |
+---------------------+---------------------+---------+---------+
| 2008-01-15 15:11:40 | 2008-03-26 01:53:37 |      57 |     853 |
| 2008-03-26 01:53:37 | 2008-03-26 03:50:10 |      57 |     826 |
| 2008-03-26 03:50:10 | 2008-03-27 02:58:20 |      57 |     853 |
| 2008-03-27 02:58:20 | 2008-03-27 03:06:05 |      57 |     826 |
| 2008-03-27 03:06:05 | 2008-03-28 03:04:41 |      57 |     853 |
| 2008-03-28 03:04:41 | 2008-09-18 03:24:42 |      57 |     846 |
| 2008-09-18 03:24:42 | 2008-09-23 02:35:36 |      57 |     849 |
| 2008-09-23 02:35:36 | 2008-10-01 02:33:21 |      57 |     845 |
| 2008-10-01 02:33:21 | 2008-11-26 02:15:16 |      57 |     851 |
| 2008-11-26 02:15:16 | 2009-09-15 09:20:39 |      57 |     840 |
| 2009-09-15 09:20:39 | 2009-09-18 02:10:28 |      57 |     838 |
| 2009-09-18 02:10:28 | 2009-09-18 03:49:31 |      57 |     833 |
| 2009-09-18 03:49:31 | 2009-09-18 04:25:59 |      57 |     830 |
| 2009-09-18 04:25:59 | 2010-02-10 06:33:17 |      57 |     861 |
| 2010-02-10 06:33:17 | 2010-04-01 23:35:45 |      57 |     866 |
| 2010-04-01 23:35:45 | 2010-09-16 08:59:42 |      57 |     872 |
| 2010-09-16 08:59:42 | 2010-09-16 10:48:47 |      57 |     861 |
| 2010-09-16 10:48:47 | 2010-09-16 11:29:07 |      57 |     841 |
| 2010-09-16 11:29:07 | 2010-09-17 09:43:14 |      57 |     845 |
| 2010-09-17 09:43:14 | 2010-09-18 09:28:46 |      57 |     846 |
| 2010-09-18 09:28:46 | 2010-09-18 10:27:10 |      57 |     893 |
| 2010-09-18 10:27:10 | 2010-09-18 11:11:46 |      57 |     891 |
| 2010-09-18 11:11:46 | 2010-09-19 08:51:50 |      57 |     887 |
| 2010-09-19 08:51:50 | 2010-09-24 09:20:55 |      57 |     871 |
| 2010-09-24 09:20:55 | 2010-10-10 03:05:51 |      57 |     879 |
| 2010-10-10 03:05:51 | 2010-11-01 01:39:17 |      57 |     890 |
| 2010-11-01 01:39:17 | 2010-12-11 03:43:56 |      57 |     878 |
| 2010-12-11 03:43:56 | 2011-03-24 03:58:06 |      57 |     875 |
| 2011-03-24 03:58:06 | 2011-03-25 04:59:05 |      57 |     892 |
| 2011-03-25 04:59:05 | 2011-03-26 01:34:04 |      57 |     875 |
| 2011-03-26 01:34:04 | 2011-09-24 00:48:11 |      57 |     893 |
| 2011-09-24 00:48:11 | 2011-09-24 08:16:51 |      57 |     878 |
| 2011-09-24 08:16:51 | 2011-09-27 06:56:42 |      57 |     877 |
| 2011-09-27 06:56:42 | 2011-09-30 03:10:49 |      57 |     878 |
| 2011-09-30 03:10:49 | 2011-10-01 11:25:25 |      57 |     874 |
| 2011-10-01 11:25:25 | 2011-10-07 06:53:59 |      57 |     879 |
| 2011-10-07 06:53:59 | 2011-12-01 02:02:02 |      57 |     881 |
| 2011-12-01 02:02:02 | 2011-12-09 03:16:01 |      57 |     712 |
| 2011-12-09 03:16:01 | 2012-02-11 01:14:07 |      57 |     881 |
| 2012-02-11 01:14:07 | 2012-03-01 07:10:36 |      57 |     880 |
| 2012-03-01 07:10:36 | 2012-03-01 07:39:20 |      57 |     713 |
| 2012-03-01 07:39:20 | 2012-09-13 10:29:40 |      57 |     880 |
| 2012-09-13 10:29:40 | 2012-09-15 07:33:26 |      57 |    1014 |
| 2012-09-15 07:33:26 | 2012-11-14 04:45:35 |      57 |    1052 |
| 2012-11-14 04:45:35 | 2013-03-31 08:36:16 |      57 |    1045 |
| 2013-03-31 08:36:16 | 2013-04-17 05:11:01 |      57 |    1040 |
| 2013-04-17 05:11:01 | 2013-04-17 07:39:19 |      57 |     848 |
| 2013-04-17 07:39:19 | 2013-09-04 11:28:04 |      57 |    1040 |
| 2013-09-04 11:28:04 | 2013-09-05 08:04:48 |      57 |    1045 |
| 2013-09-05 08:04:48 | 2013-09-05 09:09:39 |      57 |     972 |
| 2013-09-05 09:09:39 | 2013-09-05 09:13:25 |      57 |    1074 |
| 2013-09-05 09:13:25 | 2013-09-11 04:48:44 |      57 |    1045 |
| 2013-09-11 04:48:44 | 2014-04-22 02:55:53 |      57 |    1040 |
| 2014-04-22 02:55:53 | 2014-04-30 02:39:51 |      57 |    1046 |
| 2014-04-30 02:39:51 | NULL                |      57 |    1049 |
+---------------------+---------------------+---------+---------+
55 rows in set (0.26 sec)

mysql> select * from tblHV_Telescope1_DefaultVoltage where channel=85;
+---------------------+---------------------+---------+---------+
| db_start_time       | db_end_time         | channel | voltage |
+---------------------+---------------------+---------+---------+
| 2008-01-15 15:11:40 | 2008-02-26 23:05:42 |      85 |     902 |
| 2008-02-26 23:05:42 | 2008-03-26 01:53:38 |      85 |     900 |
| 2008-03-26 01:53:38 | 2008-03-26 03:50:12 |      85 |     830 |
| 2008-03-26 03:50:12 | 2008-03-27 02:58:22 |      85 |     900 |
| 2008-03-27 02:58:22 | 2008-03-27 03:06:06 |      85 |     830 |
| 2008-03-27 03:06:06 | 2008-03-28 03:04:42 |      85 |     900 |
| 2008-03-28 03:04:42 | 2008-09-18 03:24:42 |      85 |     898 |
| 2008-09-18 03:24:42 | 2008-09-23 02:35:37 |      85 |     896 |
| 2008-09-23 02:35:37 | 2008-10-01 02:33:21 |      85 |     895 |
| 2008-10-01 02:33:21 | 2008-11-26 02:15:16 |      85 |     904 |
| 2008-11-26 02:15:16 | 2009-09-15 09:20:40 |      85 |     892 |
| 2009-09-15 09:20:40 | 2009-09-18 02:10:29 |      85 |     891 |
| 2009-09-18 02:10:29 | 2009-09-18 04:26:00 |      85 |     886 |
| 2009-09-18 04:26:00 | 2010-02-10 06:33:18 |      85 |     921 |
| 2010-02-10 06:33:18 | 2010-04-01 23:35:46 |      85 |     911 |
| 2010-04-01 23:35:46 | 2010-09-16 08:59:42 |      85 |     912 |
| 2010-09-16 08:59:42 | 2010-09-16 10:48:48 |      85 |     917 |
| 2010-09-16 10:48:48 | 2010-09-16 11:29:07 |      85 |     889 |
| 2010-09-16 11:29:07 | 2010-09-17 09:43:15 |      85 |     882 |
| 2010-09-17 09:43:15 | 2010-09-18 09:28:47 |      85 |     881 |
| 2010-09-18 09:28:47 | 2010-09-18 10:27:17 |      85 |     931 |
| 2010-09-18 10:27:17 | 2010-09-18 11:11:54 |      85 |     929 |
| 2010-09-18 11:11:54 | 2010-09-19 08:51:51 |      85 |     928 |
| 2010-09-19 08:51:51 | 2010-09-24 09:20:56 |      85 |     910 |
| 2010-09-24 09:20:56 | 2010-10-10 03:05:52 |      85 |     919 |
| 2010-10-10 03:05:52 | 2010-11-01 01:39:18 |      85 |     930 |
| 2010-11-01 01:39:18 | 2010-12-11 03:43:57 |      85 |     917 |
| 2010-12-11 03:43:57 | 2011-03-24 03:58:07 |      85 |     926 |
| 2011-03-24 03:58:07 | 2011-03-25 04:59:06 |      85 |     888 |
| 2011-03-25 04:59:06 | 2011-03-26 01:34:04 |      85 |     926 |
| 2011-03-26 01:34:04 | 2011-09-24 00:48:12 |      85 |     917 |
| 2011-09-24 00:48:12 | 2011-09-24 08:16:53 |      85 |     919 |
| 2011-09-24 08:16:53 | 2011-09-27 06:56:43 |      85 |     914 |
| 2011-09-27 06:56:43 | 2011-09-30 03:10:50 |      85 |     916 |
| 2011-09-30 03:10:50 | 2011-10-01 11:25:26 |      85 |     909 |
| 2011-10-01 11:25:26 | 2011-12-01 02:02:04 |      85 |     915 |
| 2011-12-01 02:02:04 | 2011-12-09 03:16:02 |      85 |     740 |
| 2011-12-09 03:16:02 | 2012-02-11 01:14:09 |      85 |     915 |
| 2012-02-11 01:14:09 | 2012-03-01 07:10:37 |      85 |     917 |
| 2012-03-01 07:10:37 | 2012-03-01 07:39:21 |      85 |     741 |
| 2012-03-01 07:39:21 | 2012-09-13 10:29:41 |      85 |     917 |
| 2012-09-13 10:29:41 | 2012-09-15 07:33:28 |      85 |    1055 |
| 2012-09-15 07:33:28 | 2012-11-14 04:45:37 |      85 |    1013 |
| 2012-11-14 04:45:37 | 2013-03-31 08:36:18 |      85 |    1010 |
| 2013-03-31 08:36:18 | 2013-04-17 05:11:02 |      85 |     999 |
| 2013-04-17 05:11:02 | 2013-04-17 07:39:20 |      85 |     811 |
| 2013-04-17 07:39:20 | 2013-09-04 11:28:07 |      85 |     999 |
| 2013-09-04 11:28:07 | 2013-09-05 08:04:51 |      85 |     991 |
| 2013-09-05 08:04:51 | 2013-09-05 09:09:42 |      85 |     948 |
| 2013-09-05 09:09:42 | 2013-09-05 09:13:27 |      85 |     909 |
| 2013-09-05 09:13:27 | 2013-09-11 04:48:46 |      85 |     991 |
| 2013-09-11 04:48:46 | 2014-04-22 02:55:56 |      85 |     990 |
| 2014-04-22 02:55:56 | 2014-04-30 02:39:53 |      85 |     973 |
| 2014-04-30 02:39:53 | NULL                |      85 |     976 |
+---------------------+---------------------+---------+---------+
54 rows in set (0.10 sec)

mysql> select * from tblHV_Telescope3_DefaultVoltage where channel=302;
+---------------------+---------------------+---------+---------+
| db_start_time       | db_end_time         | channel | voltage |
+---------------------+---------------------+---------+---------+
| 2008-01-15 15:11:42 | 2008-02-26 01:23:12 |     302 |     946 |
| 2008-02-26 01:23:12 | 2008-03-26 01:54:20 |     302 |     952 |
| 2008-03-26 01:54:20 | 2008-03-26 03:51:09 |     302 |     791 |
| 2008-03-26 03:51:09 | 2008-03-27 02:59:24 |     302 |     952 |
| 2008-03-27 02:59:24 | 2008-03-27 03:07:08 |     302 |     791 |
| 2008-03-27 03:07:08 | 2008-03-28 03:05:31 |     302 |     952 |
| 2008-03-28 03:05:31 | 2008-09-18 03:24:59 |     302 |     956 |
| 2008-09-18 03:24:59 | 2008-09-23 02:35:56 |     302 |     948 |
| 2008-09-23 02:35:56 | 2008-10-01 02:33:40 |     302 |     952 |
| 2008-10-01 02:33:40 | 2009-09-18 03:49:53 |     302 |     966 |
| 2009-09-18 03:49:53 | 2009-09-18 04:21:46 |     302 |     965 |
| 2009-09-18 04:21:46 | 2010-02-10 06:33:44 |     302 |    1007 |
| 2010-02-10 06:33:44 | 2010-04-01 23:36:16 |     302 |    1015 |
| 2010-04-01 23:36:16 | 2010-09-17 09:44:15 |     302 |    1021 |
| 2010-09-17 09:44:15 | 2010-09-18 10:27:32 |     302 |    1025 |
| 2010-09-18 10:27:32 | 2010-09-18 11:11:59 |     302 |    1023 |
| 2010-09-18 11:11:59 | 2010-09-19 08:52:30 |     302 |    1027 |
| 2010-09-19 08:52:30 | 2010-09-24 09:19:59 |     302 |    1025 |
| 2010-09-24 09:19:59 | 2010-10-10 03:06:38 |     302 |    1014 |
| 2010-10-10 03:06:38 | 2010-10-11 02:27:07 |     302 |    1021 |
| 2010-10-11 02:27:07 | 2010-10-15 05:37:43 |     302 |    1014 |
| 2010-10-15 05:37:43 | 2010-12-11 03:44:45 |     302 |    1025 |
| 2010-12-11 03:44:45 | 2011-03-24 03:58:44 |     302 |    1024 |
| 2011-03-24 03:58:44 | 2011-03-25 04:59:46 |     302 |    1025 |
| 2011-03-25 04:59:46 | 2011-03-26 01:34:42 |     302 |    1024 |
| 2011-03-26 01:34:42 | 2011-09-24 00:48:53 |     302 |    1025 |
| 2011-09-24 00:48:53 | 2011-09-24 08:17:41 |     302 |    1026 |
| 2011-09-24 08:17:41 | 2011-09-27 06:57:26 |     302 |    1029 |
| 2011-09-27 06:57:26 | 2011-09-30 03:11:40 |     302 |    1019 |
| 2011-09-30 03:11:40 | 2011-10-01 12:07:01 |     302 |    1026 |
| 2011-10-01 12:07:01 | 2011-10-07 06:54:50 |     302 |    1027 |
| 2011-10-07 06:54:50 | 2012-02-11 01:16:23 |     302 |    1032 |
| 2012-02-11 01:16:23 | 2012-03-01 07:11:36 |     302 |    1030 |
| 2012-03-01 07:11:36 | 2012-03-01 07:40:21 |     302 |     826 |
| 2012-03-01 07:40:21 | 2012-09-13 10:30:30 |     302 |    1030 |
| 2012-09-13 10:30:30 | 2012-09-15 07:34:38 |     302 |    1126 |
| 2012-09-15 07:34:38 | 2012-09-15 08:10:30 |     302 |    1317 |
| 2012-09-15 08:10:30 | 2012-11-14 04:46:46 |     302 |    1267 |
| 2012-11-14 04:46:46 | 2013-03-31 08:37:33 |     302 |    1075 |
| 2013-03-31 08:37:33 | 2013-04-17 05:12:08 |     302 |    1077 |
| 2013-04-17 05:12:08 | 2013-04-17 07:40:24 |     302 |     873 |
| 2013-04-17 07:40:24 | 2013-09-03 06:50:05 |     302 |    1077 |
| 2013-09-03 06:50:05 | 2013-09-11 04:47:43 |     302 |    1100 |
| 2013-09-11 04:47:43 | 2014-04-22 02:57:16 |     302 |    1083 |
| 2014-04-22 02:57:16 | NULL                |     302 |    1081 |
+---------------------+---------------------+---------+---------+
45 rows in set (0.28 sec)

mysql> 